Removed Pin From Net: NetName=CS_MCU Pin=U2-3
Removed Pin From Net: NetName=SCK_MCU Pin=U2-4
Removed Pin From Net: NetName=MRST_MCU Pin=U2-5
Removed Pin From Net: NetName=TxRST_MCU Pin=U2-6
Removed Pin From Net: NetName=MADV_MCU Pin=U2-7
Removed Pin From Net: NetName=TxADV_MCU Pin=U2-8
Removed Pin From Net: NetName=TxADV Pin=U2-16
Removed Pin From Net: NetName=MADV Pin=U2-17
Removed Pin From Net: NetName=TxRST Pin=U2-18
Removed Pin From Net: NetName=MRST Pin=U2-19
Removed Pin From Net: NetName=SCK Pin=U2-20
Removed Pin From Net: NetName=CS Pin=U2-21
Added Pin To Net: NetName=TxRST_MCU Pin=U2-3
Added Pin To Net: NetName=TxADV_MCU Pin=U2-4
Added Pin To Net: NetName=MADV_MCU Pin=U2-5
Added Pin To Net: NetName=MRST_MCU Pin=U2-6
Added Pin To Net: NetName=CS_MCU Pin=U2-7
Added Pin To Net: NetName=SCK_MCU Pin=U2-8
Added Pin To Net: NetName=SCK Pin=U2-16
Added Pin To Net: NetName=CS Pin=U2-17
Added Pin To Net: NetName=MRST Pin=U2-18
Added Pin To Net: NetName=MADV Pin=U2-19
Added Pin To Net: NetName=TxADV Pin=U2-20
Added Pin To Net: NetName=TxRST Pin=U2-21
